  CalibrationData.cpp
D:\VYSKA\C++_SELFSTUDY\rukavice_moje_skuska\rukavice_moje_skuska\CalibrationData.cpp(47,28): warning C4267: 'argument': conversion from 'size_t' to 'int', possible loss of data
  GloveValues.cpp
D:\VYSKA\C++_SELFSTUDY\rukavice_moje_skuska\rukavice_moje_skuska\GestureLibrary.hpp(43,75): warning C4305: 'initializing': truncation from 'double' to '_Ty'
D:\VYSKA\C++_SELFSTUDY\rukavice_moje_skuska\rukavice_moje_skuska\GestureLibrary.hpp(43,75): warning C4305:         with
D:\VYSKA\C++_SELFSTUDY\rukavice_moje_skuska\rukavice_moje_skuska\GestureLibrary.hpp(43,75): warning C4305:         [
D:\VYSKA\C++_SELFSTUDY\rukavice_moje_skuska\rukavice_moje_skuska\GestureLibrary.hpp(43,75): warning C4305:             _Ty=float
D:\VYSKA\C++_SELFSTUDY\rukavice_moje_skuska\rukavice_moje_skuska\GestureLibrary.hpp(43,75): warning C4305:         ]
  (compiling source file 'GloveValues.cpp')
  
  ImuConfiguration.cpp
D:\VYSKA\C++_SELFSTUDY\rukavice_moje_skuska\rukavice_moje_skuska\GestureLibrary.hpp(43,75): warning C4305: 'initializing': truncation from 'double' to '_Ty'
D:\VYSKA\C++_SELFSTUDY\rukavice_moje_skuska\rukavice_moje_skuska\GestureLibrary.hpp(43,75): warning C4305:         with
D:\VYSKA\C++_SELFSTUDY\rukavice_moje_skuska\rukavice_moje_skuska\GestureLibrary.hpp(43,75): warning C4305:         [
D:\VYSKA\C++_SELFSTUDY\rukavice_moje_skuska\rukavice_moje_skuska\GestureLibrary.hpp(43,75): warning C4305:             _Ty=float
D:\VYSKA\C++_SELFSTUDY\rukavice_moje_skuska\rukavice_moje_skuska\GestureLibrary.hpp(43,75): warning C4305:         ]
  (compiling source file 'ImuConfiguration.cpp')
  
  Main.cpp
D:\VYSKA\C++_SELFSTUDY\rukavice_moje_skuska\rukavice_moje_skuska\GestureLibrary.hpp(43,75): warning C4305: 'initializing': truncation from 'double' to '_Ty'
D:\VYSKA\C++_SELFSTUDY\rukavice_moje_skuska\rukavice_moje_skuska\GestureLibrary.hpp(43,75): warning C4305:         with
D:\VYSKA\C++_SELFSTUDY\rukavice_moje_skuska\rukavice_moje_skuska\GestureLibrary.hpp(43,75): warning C4305:         [
D:\VYSKA\C++_SELFSTUDY\rukavice_moje_skuska\rukavice_moje_skuska\GestureLibrary.hpp(43,75): warning C4305:             _Ty=float
D:\VYSKA\C++_SELFSTUDY\rukavice_moje_skuska\rukavice_moje_skuska\GestureLibrary.hpp(43,75): warning C4305:         ]
  (compiling source file 'Main.cpp')
  
  RobotCommunicationServer.cpp
D:\VYSKA\C++_SELFSTUDY\rukavice_moje_skuska\rukavice_moje_skuska\RobotCommunicationServer.cpp(78,67): warning C4267: 'argument': conversion from 'size_t' to 'int', possible loss of data
  Generating Code...
  rukavice_moje_skuska.vcxproj -> D:\VYSKA\C++_SELFSTUDY\rukavice_moje_skuska\x64\Debug\rukavice_moje_skuska.exe
