d:\vyska\c++_selfstudy\rukavice_moje_skuska\rukavice_moje_skuska\x64\debug\vc143.pdb
d:\vyska\c++_selfstudy\rukavice_moje_skuska\rukavice_moje_skuska\x64\debug\vc143.idb
d:\vyska\c++_selfstudy\rukavice_moje_skuska\rukavice_moje_skuska\x64\debug\rukavice_moje_skuska.obj
d:\vyska\c++_selfstudy\rukavice_moje_skuska\rukavice_moje_skuska\x64\debug\rukavice_moje_skuska.ilk
d:\vyska\c++_selfstudy\rukavice_moje_skuska\x64\debug\rukavice_moje_skuska.pdb
d:\vyska\c++_selfstudy\rukavice_moje_skuska\rukavice_moje_skuska\x64\debug\rukavice.5e02a136.tlog\cl.command.1.tlog
d:\vyska\c++_selfstudy\rukavice_moje_skuska\rukavice_moje_skuska\x64\debug\rukavice.5e02a136.tlog\cl.items.tlog
d:\vyska\c++_selfstudy\rukavice_moje_skuska\rukavice_moje_skuska\x64\debug\rukavice.5e02a136.tlog\cl.read.1.tlog
d:\vyska\c++_selfstudy\rukavice_moje_skuska\rukavice_moje_skuska\x64\debug\rukavice.5e02a136.tlog\cl.write.1.tlog
d:\vyska\c++_selfstudy\rukavice_moje_skuska\rukavice_moje_skuska\x64\debug\rukavice.5e02a136.tlog\link.25800-cvtres.read.1.tlog
d:\vyska\c++_selfstudy\rukavice_moje_skuska\rukavice_moje_skuska\x64\debug\rukavice.5e02a136.tlog\link.25800-cvtres.write.1.tlog
d:\vyska\c++_selfstudy\rukavice_moje_skuska\rukavice_moje_skuska\x64\debug\rukavice.5e02a136.tlog\link.25800-rc.read.1.tlog
d:\vyska\c++_selfstudy\rukavice_moje_skuska\rukavice_moje_skuska\x64\debug\rukavice.5e02a136.tlog\link.25800-rc.write.1.tlog
d:\vyska\c++_selfstudy\rukavice_moje_skuska\rukavice_moje_skuska\x64\debug\rukavice.5e02a136.tlog\link.25800.read.1.tlog
d:\vyska\c++_selfstudy\rukavice_moje_skuska\rukavice_moje_skuska\x64\debug\rukavice.5e02a136.tlog\link.25800.read.2.tlog
d:\vyska\c++_selfstudy\rukavice_moje_skuska\rukavice_moje_skuska\x64\debug\rukavice.5e02a136.tlog\link.25800.write.1.tlog
d:\vyska\c++_selfstudy\rukavice_moje_skuska\rukavice_moje_skuska\x64\debug\rukavice.5e02a136.tlog\link.command.1.tlog
d:\vyska\c++_selfstudy\rukavice_moje_skuska\rukavice_moje_skuska\x64\debug\rukavice.5e02a136.tlog\link.read.1.tlog
d:\vyska\c++_selfstudy\rukavice_moje_skuska\rukavice_moje_skuska\x64\debug\rukavice.5e02a136.tlog\link.secondary.1.tlog
d:\vyska\c++_selfstudy\rukavice_moje_skuska\rukavice_moje_skuska\x64\debug\rukavice.5e02a136.tlog\link.write.1.tlog
